[0.091s] DEBUG:colcon:Command line arguments: ['/usr/bin/colcon', 'build', '--base-paths', 'ros2_ws/src', '--packages-select', 'drone_testbed']
[0.091s] DEBUG:colcon:Parsed command line arguments: Namespace(log_base=None, log_level=None, verb_name='build', build_base='build', install_base='install', merge_install=False, symlink_install=False, test_result_base=None, continue_on_error=False, executor='parallel', parallel_workers=8, event_handlers=None, ignore_user_meta=False, metas=['./colcon.meta'], base_paths=['ros2_ws/src'], packages_ignore=None, packages_ignore_regex=None, paths=None, packages_up_to=None, packages_up_to_regex=None, packages_above=None, packages_above_and_dependencies=None, packages_above_depth=None, packages_select_by_dep=None, packages_skip_by_dep=None, packages_skip_up_to=None, packages_select_build_failed=False, packages_skip_build_finished=False, packages_select_test_failures=False, packages_skip_test_passed=False, packages_select=['drone_testbed'], packages_skip=None, packages_select_regex=None, packages_skip_regex=None, packages_start=None, packages_end=None, allow_overriding=[], cmake_args=None, cmake_target=None, cmake_target_skip_unavailable=False, cmake_clean_cache=False, cmake_clean_first=False, cmake_force_configure=False, ament_cmake_args=None, catkin_cmake_args=None, catkin_skip_building_tests=False, verb_parser=<colcon_defaults.argument_parser.defaults.DefaultArgumentsDecorator object at 0x72e748427820>, verb_extension=<colcon_core.verb.build.BuildVerb object at 0x72e748427220>, main=<bound method BuildVerb.main of <colcon_core.verb.build.BuildVerb object at 0x72e748427220>>)
[0.231s] Level 1:colcon.colcon_core.package_discovery:discover_packages(colcon_meta) check parameters
[0.231s] Level 1:colcon.colcon_core.package_discovery:discover_packages(recursive) check parameters
[0.231s] Level 1:colcon.colcon_core.package_discovery:discover_packages(ignore) check parameters
[0.231s] Level 1:colcon.colcon_core.package_discovery:discover_packages(path) check parameters
[0.231s] Level 1:colcon.colcon_core.package_discovery:discover_packages(recursive) discover
[0.231s] INFO:colcon.colcon_core.package_discovery:Crawling recursively for packages in '/home/tam/Desktop/multi-drone-testbed/ros2_ws/src'
[0.231s] Level 1:colcon.colcon_core.package_identification:_identify(ros2_ws/src) by extensions ['ignore', 'ignore_ament_install']
[0.231s] Level 1:colcon.colcon_core.package_identification:_identify(ros2_ws/src) by extension 'ignore'
[0.231s] Level 1:colcon.colcon_core.package_identification:_identify(ros2_ws/src) by extension 'ignore_ament_install'
[0.231s] Level 1:colcon.colcon_core.package_identification:_identify(ros2_ws/src) by extensions ['colcon_pkg']
[0.231s] Level 1:colcon.colcon_core.package_identification:_identify(ros2_ws/src) by extension 'colcon_pkg'
[0.231s] Level 1:colcon.colcon_core.package_identification:_identify(ros2_ws/src) by extensions ['colcon_meta']
[0.231s] Level 1:colcon.colcon_core.package_identification:_identify(ros2_ws/src) by extension 'colcon_meta'
[0.231s] Level 1:colcon.colcon_core.package_identification:_identify(ros2_ws/src) by extensions ['ros']
[0.231s] Level 1:colcon.colcon_core.package_identification:_identify(ros2_ws/src) by extension 'ros'
[0.259s] Level 1:colcon.colcon_core.package_identification:_identify(ros2_ws/src) by extensions ['cmake', 'python']
[0.259s] Level 1:colcon.colcon_core.package_identification:_identify(ros2_ws/src) by extension 'cmake'
[0.259s] Level 1:colcon.colcon_core.package_identification:_identify(ros2_ws/src) by extension 'python'
[0.259s] Level 1:colcon.colcon_core.package_identification:_identify(ros2_ws/src) by extensions ['python_setup_py']
[0.259s] Level 1:colcon.colcon_core.package_identification:_identify(ros2_ws/src) by extension 'python_setup_py'
[0.259s] Level 1:colcon.colcon_core.package_identification:_identify(ros2_ws/src/drone_testbed) by extensions ['ignore', 'ignore_ament_install']
[0.260s] Level 1:colcon.colcon_core.package_identification:_identify(ros2_ws/src/drone_testbed) by extension 'ignore'
[0.260s] Level 1:colcon.colcon_core.package_identification:_identify(ros2_ws/src/drone_testbed) by extension 'ignore_ament_install'
[0.260s] Level 1:colcon.colcon_core.package_identification:_identify(ros2_ws/src/drone_testbed) by extensions ['colcon_pkg']
[0.260s] Level 1:colcon.colcon_core.package_identification:_identify(ros2_ws/src/drone_testbed) by extension 'colcon_pkg'
[0.260s] Level 1:colcon.colcon_core.package_identification:_identify(ros2_ws/src/drone_testbed) by extensions ['colcon_meta']
[0.260s] Level 1:colcon.colcon_core.package_identification:_identify(ros2_ws/src/drone_testbed) by extension 'colcon_meta'
[0.260s] Level 1:colcon.colcon_core.package_identification:_identify(ros2_ws/src/drone_testbed) by extensions ['ros']
[0.260s] Level 1:colcon.colcon_core.package_identification:_identify(ros2_ws/src/drone_testbed) by extension 'ros'
[0.262s] DEBUG:colcon.colcon_core.package_identification:Package 'ros2_ws/src/drone_testbed' with type 'ros.ament_python' and name 'drone_testbed'
[0.262s] Level 1:colcon.colcon_core.package_discovery:discover_packages(recursive) using defaults
[0.291s] Level 1:colcon.colcon_core.package_discovery:discover_packages(prefix_path) check parameters
[0.291s] Level 1:colcon.colcon_core.package_discovery:discover_packages(prefix_path) discover
[0.292s] DEBUG:colcon.colcon_installed_package_information.package_discovery:Found 1 installed packages in /home/tam/Desktop/multi-drone-testbed/ros2_ws/install
[0.293s] DEBUG:colcon.colcon_installed_package_information.package_discovery:Found 1 installed packages in /home/tam/Desktop/multi-drone-testbed/install
[0.294s] DEBUG:colcon.colcon_installed_package_information.package_discovery:Found 204 installed packages in /opt/ros/humble
[0.295s] Level 1:colcon.colcon_core.package_discovery:discover_packages(prefix_path) using defaults
[0.317s] Level 5:colcon.colcon_core.verb:set package 'drone_testbed' build argument 'cmake_args' from command line to 'None'
[0.317s] Level 5:colcon.colcon_core.verb:set package 'drone_testbed' build argument 'cmake_target' from command line to 'None'
[0.317s] Level 5:colcon.colcon_core.verb:set package 'drone_testbed' build argument 'cmake_target_skip_unavailable' from command line to 'False'
[0.318s] Level 5:colcon.colcon_core.verb:set package 'drone_testbed' build argument 'cmake_clean_cache' from command line to 'False'
[0.318s] Level 5:colcon.colcon_core.verb:set package 'drone_testbed' build argument 'cmake_clean_first' from command line to 'False'
[0.318s] Level 5:colcon.colcon_core.verb:set package 'drone_testbed' build argument 'cmake_force_configure' from command line to 'False'
[0.318s] Level 5:colcon.colcon_core.verb:set package 'drone_testbed' build argument 'ament_cmake_args' from command line to 'None'
[0.318s] Level 5:colcon.colcon_core.verb:set package 'drone_testbed' build argument 'catkin_cmake_args' from command line to 'None'
[0.318s] Level 5:colcon.colcon_core.verb:set package 'drone_testbed' build argument 'catkin_skip_building_tests' from command line to 'False'
[0.318s] DEBUG:colcon.colcon_core.verb:Building package 'drone_testbed' with the following arguments: {'ament_cmake_args': None, 'build_base': '/home/tam/Desktop/multi-drone-testbed/build/drone_testbed', 'catkin_cmake_args': None, 'catkin_skip_building_tests': False, 'cmake_args': None, 'cmake_clean_cache': False, 'cmake_clean_first': False, 'cmake_force_configure': False, 'cmake_target': None, 'cmake_target_skip_unavailable': False, 'install_base': '/home/tam/Desktop/multi-drone-testbed/install/drone_testbed', 'merge_install': False, 'path': '/home/tam/Desktop/multi-drone-testbed/ros2_ws/src/drone_testbed', 'symlink_install': False, 'test_result_base': None}
[0.318s] INFO:colcon.colcon_core.executor:Executing jobs using 'parallel' executor
[0.319s] DEBUG:colcon.colcon_parallel_executor.executor.parallel:run_until_complete
[0.319s] INFO:colcon.colcon_ros.task.ament_python.build:Building ROS package in '/home/tam/Desktop/multi-drone-testbed/ros2_ws/src/drone_testbed' with build type 'ament_python'
[0.319s] Level 1:colcon.colcon_core.shell:create_environment_hook('drone_testbed', 'ament_prefix_path')
[0.321s] INFO:colcon.colcon_core.plugin_system:Skipping extension 'colcon_core.shell.bat': Not used on non-Windows systems
[0.321s] INFO:colcon.colcon_core.shell:Creating environment hook '/home/tam/Desktop/multi-drone-testbed/install/drone_testbed/share/drone_testbed/hook/ament_prefix_path.ps1'
[0.322s] INFO:colcon.colcon_core.shell:Creating environment descriptor '/home/tam/Desktop/multi-drone-testbed/install/drone_testbed/share/drone_testbed/hook/ament_prefix_path.dsv'
[0.322s] INFO:colcon.colcon_core.shell:Creating environment hook '/home/tam/Desktop/multi-drone-testbed/install/drone_testbed/share/drone_testbed/hook/ament_prefix_path.sh'
[0.323s] INFO:colcon.colcon_core.shell:Skip shell extension 'powershell' for command environment: Not usable outside of PowerShell
[0.323s] DEBUG:colcon.colcon_core.shell:Skip shell extension 'dsv' for command environment
[0.566s] INFO:colcon.colcon_core.task.python.build:Building Python package in '/home/tam/Desktop/multi-drone-testbed/ros2_ws/src/drone_testbed'
[0.567s] INFO:colcon.colcon_core.shell:Skip shell extension 'powershell' for command environment: Not usable outside of PowerShell
[0.567s] DEBUG:colcon.colcon_core.shell:Skip shell extension 'dsv' for command environment
[0.891s] DEBUG:colcon.colcon_core.task.python.build:Available setuptools commands: upload_docs, bdist_egg, bdist_rpm, install_egg_info, check, symlink_data, install_scripts, alias, install_data, clean, install, build, easy_install, install_headers, egg_info, test, sdist, upload, setopt, bdist, bdist_wheel, build_py, build_ext, rotate, saveopts, bdist_dumb, build_clib, build_scripts, develop, dist_info, install_lib, register
[0.893s] DEBUG:colcon.colcon_core.event_handler.log_command:Invoking command in '/home/tam/Desktop/multi-drone-testbed/ros2_ws/src/drone_testbed': PYTHONPATH=/home/tam/Desktop/multi-drone-testbed/build/drone_testbed/prefix_override:/usr/lib/python3/dist-packages/colcon_core/task/python/colcon_distutils_commands:/home/tam/Desktop/multi-drone-testbed/install/drone_testbed/lib/python3.10/site-packages:${PYTHONPATH} /usr/bin/python3 -W ignore:setup.py install is deprecated -W ignore:easy_install command is deprecated setup.py egg_info --egg-base ../../../build/drone_testbed build --build-base /home/tam/Desktop/multi-drone-testbed/build/drone_testbed/build install --record /home/tam/Desktop/multi-drone-testbed/build/drone_testbed/install.log --install-scripts $base/lib/drone_testbed --single-version-externally-managed install_data
[1.165s] DEBUG:colcon.colcon_core.event_handler.log_command:Invoked command in '/home/tam/Desktop/multi-drone-testbed/ros2_ws/src/drone_testbed' returned '0': PYTHONPATH=/home/tam/Desktop/multi-drone-testbed/build/drone_testbed/prefix_override:/usr/lib/python3/dist-packages/colcon_core/task/python/colcon_distutils_commands:/home/tam/Desktop/multi-drone-testbed/install/drone_testbed/lib/python3.10/site-packages:${PYTHONPATH} /usr/bin/python3 -W ignore:setup.py install is deprecated -W ignore:easy_install command is deprecated setup.py egg_info --egg-base ../../../build/drone_testbed build --build-base /home/tam/Desktop/multi-drone-testbed/build/drone_testbed/build install --record /home/tam/Desktop/multi-drone-testbed/build/drone_testbed/install.log --install-scripts $base/lib/drone_testbed --single-version-externally-managed install_data
[1.167s] Level 1:colcon.colcon_core.environment:checking '/home/tam/Desktop/multi-drone-testbed/install/drone_testbed' for CMake module files
[1.167s] Level 1:colcon.colcon_core.environment:checking '/home/tam/Desktop/multi-drone-testbed/install/drone_testbed' for CMake config files
[1.168s] Level 1:colcon.colcon_core.environment:checking '/home/tam/Desktop/multi-drone-testbed/install/drone_testbed/lib'
[1.168s] Level 1:colcon.colcon_core.environment:checking '/home/tam/Desktop/multi-drone-testbed/install/drone_testbed/bin'
[1.168s] Level 1:colcon.colcon_core.environment:checking '/home/tam/Desktop/multi-drone-testbed/install/drone_testbed/lib/pkgconfig/drone_testbed.pc'
[1.168s] Level 1:colcon.colcon_core.environment:checking '/home/tam/Desktop/multi-drone-testbed/install/drone_testbed/lib/python3.10/site-packages'
[1.168s] Level 1:colcon.colcon_core.shell:create_environment_hook('drone_testbed', 'pythonpath')
[1.169s] INFO:colcon.colcon_core.shell:Creating environment hook '/home/tam/Desktop/multi-drone-testbed/install/drone_testbed/share/drone_testbed/hook/pythonpath.ps1'
[1.169s] INFO:colcon.colcon_core.shell:Creating environment descriptor '/home/tam/Desktop/multi-drone-testbed/install/drone_testbed/share/drone_testbed/hook/pythonpath.dsv'
[1.170s] INFO:colcon.colcon_core.shell:Creating environment hook '/home/tam/Desktop/multi-drone-testbed/install/drone_testbed/share/drone_testbed/hook/pythonpath.sh'
[1.170s] Level 1:colcon.colcon_core.environment:checking '/home/tam/Desktop/multi-drone-testbed/install/drone_testbed/bin'
[1.170s] Level 1:colcon.colcon_core.environment:create_environment_scripts_only(drone_testbed)
[1.171s] INFO:colcon.colcon_core.shell:Creating package script '/home/tam/Desktop/multi-drone-testbed/install/drone_testbed/share/drone_testbed/package.ps1'
[1.172s] INFO:colcon.colcon_core.shell:Creating package descriptor '/home/tam/Desktop/multi-drone-testbed/install/drone_testbed/share/drone_testbed/package.dsv'
[1.172s] INFO:colcon.colcon_core.shell:Creating package script '/home/tam/Desktop/multi-drone-testbed/install/drone_testbed/share/drone_testbed/package.sh'
[1.173s] INFO:colcon.colcon_core.shell:Creating package script '/home/tam/Desktop/multi-drone-testbed/install/drone_testbed/share/drone_testbed/package.bash'
[1.174s] INFO:colcon.colcon_core.shell:Creating package script '/home/tam/Desktop/multi-drone-testbed/install/drone_testbed/share/drone_testbed/package.zsh'
[1.174s] Level 1:colcon.colcon_core.environment:create_file_with_runtime_dependencies(/home/tam/Desktop/multi-drone-testbed/install/drone_testbed/share/colcon-core/packages/drone_testbed)
[1.175s] DEBUG:colcon.colcon_parallel_executor.executor.parallel:closing loop
[1.175s] DEBUG:colcon.colcon_parallel_executor.executor.parallel:loop closed
[1.175s] DEBUG:colcon.colcon_parallel_executor.executor.parallel:run_until_complete finished with '0'
[1.175s] DEBUG:colcon.colcon_core.event_reactor:joining thread
[1.180s] INFO:colcon.colcon_core.plugin_system:Skipping extension 'colcon_notification.desktop_notification.terminal_notifier': Not used on non-Darwin systems
[1.180s] INFO:colcon.colcon_core.plugin_system:Skipping extension 'colcon_notification.desktop_notification.win32': Not used on non-Windows systems
[1.180s] INFO:colcon.colcon_notification.desktop_notification:Sending desktop notification using 'notify2'
[1.180s] DEBUG:colcon.colcon_notification.desktop_notification.notify2:Failed to initialize notify2: org.freedesktop.DBus.Error.AccessDenied: Failed to connect to socket /run/user/1000/bus: Operation not permitted
[1.180s] DEBUG:colcon.colcon_core.event_reactor:joined thread
[1.180s] INFO:colcon.colcon_core.shell:Creating prefix script '/home/tam/Desktop/multi-drone-testbed/install/local_setup.ps1'
[1.181s] INFO:colcon.colcon_core.shell:Creating prefix util module '/home/tam/Desktop/multi-drone-testbed/install/_local_setup_util_ps1.py'
[1.183s] INFO:colcon.colcon_core.shell:Creating prefix chain script '/home/tam/Desktop/multi-drone-testbed/install/setup.ps1'
[1.183s] INFO:colcon.colcon_core.shell:Creating prefix script '/home/tam/Desktop/multi-drone-testbed/install/local_setup.sh'
[1.184s] INFO:colcon.colcon_core.shell:Creating prefix util module '/home/tam/Desktop/multi-drone-testbed/install/_local_setup_util_sh.py'
[1.184s] INFO:colcon.colcon_core.shell:Creating prefix chain script '/home/tam/Desktop/multi-drone-testbed/install/setup.sh'
[1.186s] INFO:colcon.colcon_core.shell:Creating prefix script '/home/tam/Desktop/multi-drone-testbed/install/local_setup.bash'
[1.186s] INFO:colcon.colcon_core.shell:Creating prefix chain script '/home/tam/Desktop/multi-drone-testbed/install/setup.bash'
[1.187s] INFO:colcon.colcon_core.shell:Creating prefix script '/home/tam/Desktop/multi-drone-testbed/install/local_setup.zsh'
[1.188s] INFO:colcon.colcon_core.shell:Creating prefix chain script '/home/tam/Desktop/multi-drone-testbed/install/setup.zsh'
