[0.072s] DEBUG:colcon:Command line arguments: ['/usr/bin/colcon', 'build', '--packages-select', 'drone_testbed']
[0.072s] DEBUG:colcon:Parsed command line arguments: Namespace(log_base=None, log_level=None, verb_name='build', build_base='build', install_base='install', merge_install=False, symlink_install=False, test_result_base=None, continue_on_error=False, executor='parallel', parallel_workers=8, event_handlers=None, ignore_user_meta=False, metas=['./colcon.meta'], base_paths=['.'], packages_ignore=None, packages_ignore_regex=None, paths=None, packages_up_to=None, packages_up_to_regex=None, packages_above=None, packages_above_and_dependencies=None, packages_above_depth=None, packages_select_by_dep=None, packages_skip_by_dep=None, packages_skip_up_to=None, packages_select_build_failed=False, packages_skip_build_finished=False, packages_select_test_failures=False, packages_skip_test_passed=False, packages_select=['drone_testbed'], packages_skip=None, packages_select_regex=None, packages_skip_regex=None, packages_start=None, packages_end=None, allow_overriding=[], cmake_args=None, cmake_target=None, cmake_target_skip_unavailable=False, cmake_clean_cache=False, cmake_clean_first=False, cmake_force_configure=False, ament_cmake_args=None, catkin_cmake_args=None, catkin_skip_building_tests=False, verb_parser=<colcon_defaults.argument_parser.defaults.DefaultArgumentsDecorator object at 0x7673edf271f0>, verb_extension=<colcon_core.verb.build.BuildVerb object at 0x7673edf26bf0>, main=<bound method BuildVerb.main of <colcon_core.verb.build.BuildVerb object at 0x7673edf26bf0>>)
[0.177s] Level 1:colcon.colcon_core.package_discovery:discover_packages(colcon_meta) check parameters
[0.178s] Level 1:colcon.colcon_core.package_discovery:discover_packages(recursive) check parameters
[0.178s] Level 1:colcon.colcon_core.package_discovery:discover_packages(ignore) check parameters
[0.178s] Level 1:colcon.colcon_core.package_discovery:discover_packages(path) check parameters
[0.178s] Level 1:colcon.colcon_core.package_discovery:discover_packages(colcon_meta) discover
[0.178s] Level 1:colcon.colcon_core.package_discovery:discover_packages(recursive) discover
[0.178s] INFO:colcon.colcon_core.package_discovery:Crawling recursively for packages in '/home/tam/Desktop/multi-drone-testbed'
[0.178s] Level 1:colcon.colcon_core.package_identification:_identify(.) by extensions ['ignore', 'ignore_ament_install']
[0.178s] Level 1:colcon.colcon_core.package_identification:_identify(.) by extension 'ignore'
[0.178s] Level 1:colcon.colcon_core.package_identification:_identify(.) by extension 'ignore_ament_install'
[0.178s] Level 1:colcon.colcon_core.package_identification:_identify(.) by extensions ['colcon_pkg']
[0.178s] Level 1:colcon.colcon_core.package_identification:_identify(.) by extension 'colcon_pkg'
[0.178s] Level 1:colcon.colcon_core.package_identification:_identify(.) by extensions ['colcon_meta']
[0.178s] Level 1:colcon.colcon_core.package_identification:_identify(.) by extension 'colcon_meta'
[0.178s] Level 1:colcon.colcon_core.package_identification:_identify(.) by extensions ['ros']
[0.178s] Level 1:colcon.colcon_core.package_identification:_identify(.) by extension 'ros'
[0.199s] Level 1:colcon.colcon_core.package_identification:_identify(.) by extensions ['cmake', 'python']
[0.199s] Level 1:colcon.colcon_core.package_identification:_identify(.) by extension 'cmake'
[0.199s] Level 1:colcon.colcon_core.package_identification:_identify(.) by extension 'python'
[0.199s] Level 1:colcon.colcon_core.package_identification:_identify(.) by extensions ['python_setup_py']
[0.199s] Level 1:colcon.colcon_core.package_identification:_identify(.) by extension 'python_setup_py'
[0.199s] Level 1:colcon.colcon_core.package_identification:_identify(build) by extensions ['ignore', 'ignore_ament_install']
[0.200s] Level 1:colcon.colcon_core.package_identification:_identify(build) by extension 'ignore'
[0.200s] Level 1:colcon.colcon_core.package_identification:_identify(build) ignored
[0.200s] Level 1:colcon.colcon_core.package_identification:_identify(cache) by extensions ['ignore', 'ignore_ament_install']
[0.200s] Level 1:colcon.colcon_core.package_identification:_identify(cache) by extension 'ignore'
[0.200s] Level 1:colcon.colcon_core.package_identification:_identify(cache) by extension 'ignore_ament_install'
[0.200s] Level 1:colcon.colcon_core.package_identification:_identify(cache) by extensions ['colcon_pkg']
[0.200s] Level 1:colcon.colcon_core.package_identification:_identify(cache) by extension 'colcon_pkg'
[0.200s] Level 1:colcon.colcon_core.package_identification:_identify(cache) by extensions ['colcon_meta']
[0.200s] Level 1:colcon.colcon_core.package_identification:_identify(cache) by extension 'colcon_meta'
[0.200s] Level 1:colcon.colcon_core.package_identification:_identify(cache) by extensions ['ros']
[0.200s] Level 1:colcon.colcon_core.package_identification:_identify(cache) by extension 'ros'
[0.200s] Level 1:colcon.colcon_core.package_identification:_identify(cache) by extensions ['cmake', 'python']
[0.200s] Level 1:colcon.colcon_core.package_identification:_identify(cache) by extension 'cmake'
[0.200s] Level 1:colcon.colcon_core.package_identification:_identify(cache) by extension 'python'
[0.200s] Level 1:colcon.colcon_core.package_identification:_identify(cache) by extensions ['python_setup_py']
[0.201s] Level 1:colcon.colcon_core.package_identification:_identify(cache) by extension 'python_setup_py'
[0.201s] Level 1:colcon.colcon_core.package_identification:_identify(config) by extensions ['ignore', 'ignore_ament_install']
[0.201s] Level 1:colcon.colcon_core.package_identification:_identify(config) by extension 'ignore'
[0.201s] Level 1:colcon.colcon_core.package_identification:_identify(config) by extension 'ignore_ament_install'
[0.201s] Level 1:colcon.colcon_core.package_identification:_identify(config) by extensions ['colcon_pkg']
[0.201s] Level 1:colcon.colcon_core.package_identification:_identify(config) by extension 'colcon_pkg'
[0.201s] Level 1:colcon.colcon_core.package_identification:_identify(config) by extensions ['colcon_meta']
[0.201s] Level 1:colcon.colcon_core.package_identification:_identify(config) by extension 'colcon_meta'
[0.201s] Level 1:colcon.colcon_core.package_identification:_identify(config) by extensions ['ros']
[0.201s] Level 1:colcon.colcon_core.package_identification:_identify(config) by extension 'ros'
[0.201s] Level 1:colcon.colcon_core.package_identification:_identify(config) by extensions ['cmake', 'python']
[0.201s] Level 1:colcon.colcon_core.package_identification:_identify(config) by extension 'cmake'
[0.201s] Level 1:colcon.colcon_core.package_identification:_identify(config) by extension 'python'
[0.201s] Level 1:colcon.colcon_core.package_identification:_identify(config) by extensions ['python_setup_py']
[0.201s] Level 1:colcon.colcon_core.package_identification:_identify(config) by extension 'python_setup_py'
[0.201s] Level 1:colcon.colcon_core.package_identification:_identify(config/cache) by extensions ['ignore', 'ignore_ament_install']
[0.201s] Level 1:colcon.colcon_core.package_identification:_identify(config/cache) by extension 'ignore'
[0.201s] Level 1:colcon.colcon_core.package_identification:_identify(config/cache) by extension 'ignore_ament_install'
[0.201s] Level 1:colcon.colcon_core.package_identification:_identify(config/cache) by extensions ['colcon_pkg']
[0.201s] Level 1:colcon.colcon_core.package_identification:_identify(config/cache) by extension 'colcon_pkg'
[0.201s] Level 1:colcon.colcon_core.package_identification:_identify(config/cache) by extensions ['colcon_meta']
[0.201s] Level 1:colcon.colcon_core.package_identification:_identify(config/cache) by extension 'colcon_meta'
[0.201s] Level 1:colcon.colcon_core.package_identification:_identify(config/cache) by extensions ['ros']
[0.201s] Level 1:colcon.colcon_core.package_identification:_identify(config/cache) by extension 'ros'
[0.201s] Level 1:colcon.colcon_core.package_identification:_identify(config/cache) by extensions ['cmake', 'python']
[0.201s] Level 1:colcon.colcon_core.package_identification:_identify(config/cache) by extension 'cmake'
[0.201s] Level 1:colcon.colcon_core.package_identification:_identify(config/cache) by extension 'python'
[0.201s] Level 1:colcon.colcon_core.package_identification:_identify(config/cache) by extensions ['python_setup_py']
[0.201s] Level 1:colcon.colcon_core.package_identification:_identify(config/cache) by extension 'python_setup_py'
[0.201s] Level 1:colcon.colcon_core.package_identification:_identify(install) by extensions ['ignore', 'ignore_ament_install']
[0.201s] Level 1:colcon.colcon_core.package_identification:_identify(install) by extension 'ignore'
[0.201s] Level 1:colcon.colcon_core.package_identification:_identify(install) ignored
[0.202s] Level 1:colcon.colcon_core.package_identification:_identify(log) by extensions ['ignore', 'ignore_ament_install']
[0.202s] Level 1:colcon.colcon_core.package_identification:_identify(log) by extension 'ignore'
[0.202s] Level 1:colcon.colcon_core.package_identification:_identify(log) ignored
[0.202s] Level 1:colcon.colcon_core.package_identification:_identify(ros2_ws) by extensions ['ignore', 'ignore_ament_install']
[0.202s] Level 1:colcon.colcon_core.package_identification:_identify(ros2_ws) by extension 'ignore'
[0.202s] Level 1:colcon.colcon_core.package_identification:_identify(ros2_ws) by extension 'ignore_ament_install'
[0.202s] Level 1:colcon.colcon_core.package_identification:_identify(ros2_ws) by extensions ['colcon_pkg']
[0.202s] Level 1:colcon.colcon_core.package_identification:_identify(ros2_ws) by extension 'colcon_pkg'
[0.202s] Level 1:colcon.colcon_core.package_identification:_identify(ros2_ws) by extensions ['colcon_meta']
[0.202s] Level 1:colcon.colcon_core.package_identification:_identify(ros2_ws) by extension 'colcon_meta'
[0.202s] Level 1:colcon.colcon_core.package_identification:_identify(ros2_ws) by extensions ['ros']
[0.202s] Level 1:colcon.colcon_core.package_identification:_identify(ros2_ws) by extension 'ros'
[0.202s] Level 1:colcon.colcon_core.package_identification:_identify(ros2_ws) by extensions ['cmake', 'python']
[0.202s] Level 1:colcon.colcon_core.package_identification:_identify(ros2_ws) by extension 'cmake'
[0.202s] Level 1:colcon.colcon_core.package_identification:_identify(ros2_ws) by extension 'python'
[0.202s] Level 1:colcon.colcon_core.package_identification:_identify(ros2_ws) by extensions ['python_setup_py']
[0.202s] Level 1:colcon.colcon_core.package_identification:_identify(ros2_ws) by extension 'python_setup_py'
[0.202s] Level 1:colcon.colcon_core.package_identification:_identify(ros2_ws/build) by extensions ['ignore', 'ignore_ament_install']
[0.202s] Level 1:colcon.colcon_core.package_identification:_identify(ros2_ws/build) by extension 'ignore'
[0.202s] Level 1:colcon.colcon_core.package_identification:_identify(ros2_ws/build) ignored
[0.202s] Level 1:colcon.colcon_core.package_identification:_identify(ros2_ws/cache) by extensions ['ignore', 'ignore_ament_install']
[0.202s] Level 1:colcon.colcon_core.package_identification:_identify(ros2_ws/cache) by extension 'ignore'
[0.202s] Level 1:colcon.colcon_core.package_identification:_identify(ros2_ws/cache) by extension 'ignore_ament_install'
[0.202s] Level 1:colcon.colcon_core.package_identification:_identify(ros2_ws/cache) by extensions ['colcon_pkg']
[0.202s] Level 1:colcon.colcon_core.package_identification:_identify(ros2_ws/cache) by extension 'colcon_pkg'
[0.202s] Level 1:colcon.colcon_core.package_identification:_identify(ros2_ws/cache) by extensions ['colcon_meta']
[0.202s] Level 1:colcon.colcon_core.package_identification:_identify(ros2_ws/cache) by extension 'colcon_meta'
[0.202s] Level 1:colcon.colcon_core.package_identification:_identify(ros2_ws/cache) by extensions ['ros']
[0.202s] Level 1:colcon.colcon_core.package_identification:_identify(ros2_ws/cache) by extension 'ros'
[0.202s] Level 1:colcon.colcon_core.package_identification:_identify(ros2_ws/cache) by extensions ['cmake', 'python']
[0.202s] Level 1:colcon.colcon_core.package_identification:_identify(ros2_ws/cache) by extension 'cmake'
[0.202s] Level 1:colcon.colcon_core.package_identification:_identify(ros2_ws/cache) by extension 'python'
[0.202s] Level 1:colcon.colcon_core.package_identification:_identify(ros2_ws/cache) by extensions ['python_setup_py']
[0.202s] Level 1:colcon.colcon_core.package_identification:_identify(ros2_ws/cache) by extension 'python_setup_py'
[0.203s] Level 1:colcon.colcon_core.package_identification:_identify(ros2_ws/install) by extensions ['ignore', 'ignore_ament_install']
[0.203s] Level 1:colcon.colcon_core.package_identification:_identify(ros2_ws/install) by extension 'ignore'
[0.203s] Level 1:colcon.colcon_core.package_identification:_identify(ros2_ws/install) ignored
[0.203s] Level 1:colcon.colcon_core.package_identification:_identify(ros2_ws/log) by extensions ['ignore', 'ignore_ament_install']
[0.203s] Level 1:colcon.colcon_core.package_identification:_identify(ros2_ws/log) by extension 'ignore'
[0.203s] Level 1:colcon.colcon_core.package_identification:_identify(ros2_ws/log) ignored
[0.203s] Level 1:colcon.colcon_core.package_identification:_identify(ros2_ws/src) by extensions ['ignore', 'ignore_ament_install']
[0.203s] Level 1:colcon.colcon_core.package_identification:_identify(ros2_ws/src) by extension 'ignore'
[0.203s] Level 1:colcon.colcon_core.package_identification:_identify(ros2_ws/src) by extension 'ignore_ament_install'
[0.203s] Level 1:colcon.colcon_core.package_identification:_identify(ros2_ws/src) by extensions ['colcon_pkg']
[0.203s] Level 1:colcon.colcon_core.package_identification:_identify(ros2_ws/src) by extension 'colcon_pkg'
[0.203s] Level 1:colcon.colcon_core.package_identification:_identify(ros2_ws/src) by extensions ['colcon_meta']
[0.203s] Level 1:colcon.colcon_core.package_identification:_identify(ros2_ws/src) by extension 'colcon_meta'
[0.203s] Level 1:colcon.colcon_core.package_identification:_identify(ros2_ws/src) by extensions ['ros']
[0.203s] Level 1:colcon.colcon_core.package_identification:_identify(ros2_ws/src) by extension 'ros'
[0.203s] Level 1:colcon.colcon_core.package_identification:_identify(ros2_ws/src) by extensions ['cmake', 'python']
[0.203s] Level 1:colcon.colcon_core.package_identification:_identify(ros2_ws/src) by extension 'cmake'
[0.203s] Level 1:colcon.colcon_core.package_identification:_identify(ros2_ws/src) by extension 'python'
[0.203s] Level 1:colcon.colcon_core.package_identification:_identify(ros2_ws/src) by extensions ['python_setup_py']
[0.203s] Level 1:colcon.colcon_core.package_identification:_identify(ros2_ws/src) by extension 'python_setup_py'
[0.203s] Level 1:colcon.colcon_core.package_identification:_identify(ros2_ws/src/drone_testbed) by extensions ['ignore', 'ignore_ament_install']
[0.203s] Level 1:colcon.colcon_core.package_identification:_identify(ros2_ws/src/drone_testbed) by extension 'ignore'
[0.203s] Level 1:colcon.colcon_core.package_identification:_identify(ros2_ws/src/drone_testbed) by extension 'ignore_ament_install'
[0.203s] Level 1:colcon.colcon_core.package_identification:_identify(ros2_ws/src/drone_testbed) by extensions ['colcon_pkg']
[0.203s] Level 1:colcon.colcon_core.package_identification:_identify(ros2_ws/src/drone_testbed) by extension 'colcon_pkg'
[0.203s] Level 1:colcon.colcon_core.package_identification:_identify(ros2_ws/src/drone_testbed) by extensions ['colcon_meta']
[0.203s] Level 1:colcon.colcon_core.package_identification:_identify(ros2_ws/src/drone_testbed) by extension 'colcon_meta'
[0.203s] Level 1:colcon.colcon_core.package_identification:_identify(ros2_ws/src/drone_testbed) by extensions ['ros']
[0.203s] Level 1:colcon.colcon_core.package_identification:_identify(ros2_ws/src/drone_testbed) by extension 'ros'
[0.205s] DEBUG:colcon.colcon_core.package_identification:Package 'ros2_ws/src/drone_testbed' with type 'ros.ament_python' and name 'drone_testbed'
[0.205s] Level 1:colcon.colcon_core.package_identification:_identify(scripts) by extensions ['ignore', 'ignore_ament_install']
[0.205s] Level 1:colcon.colcon_core.package_identification:_identify(scripts) by extension 'ignore'
[0.205s] Level 1:colcon.colcon_core.package_identification:_identify(scripts) by extension 'ignore_ament_install'
[0.205s] Level 1:colcon.colcon_core.package_identification:_identify(scripts) by extensions ['colcon_pkg']
[0.205s] Level 1:colcon.colcon_core.package_identification:_identify(scripts) by extension 'colcon_pkg'
[0.205s] Level 1:colcon.colcon_core.package_identification:_identify(scripts) by extensions ['colcon_meta']
[0.205s] Level 1:colcon.colcon_core.package_identification:_identify(scripts) by extension 'colcon_meta'
[0.205s] Level 1:colcon.colcon_core.package_identification:_identify(scripts) by extensions ['ros']
[0.205s] Level 1:colcon.colcon_core.package_identification:_identify(scripts) by extension 'ros'
[0.205s] Level 1:colcon.colcon_core.package_identification:_identify(scripts) by extensions ['cmake', 'python']
[0.205s] Level 1:colcon.colcon_core.package_identification:_identify(scripts) by extension 'cmake'
[0.205s] Level 1:colcon.colcon_core.package_identification:_identify(scripts) by extension 'python'
[0.205s] Level 1:colcon.colcon_core.package_identification:_identify(scripts) by extensions ['python_setup_py']
[0.205s] Level 1:colcon.colcon_core.package_identification:_identify(scripts) by extension 'python_setup_py'
[0.205s] Level 1:colcon.colcon_core.package_identification:_identify(tools) by extensions ['ignore', 'ignore_ament_install']
[0.205s] Level 1:colcon.colcon_core.package_identification:_identify(tools) by extension 'ignore'
[0.205s] Level 1:colcon.colcon_core.package_identification:_identify(tools) by extension 'ignore_ament_install'
[0.206s] Level 1:colcon.colcon_core.package_identification:_identify(tools) by extensions ['colcon_pkg']
[0.206s] Level 1:colcon.colcon_core.package_identification:_identify(tools) by extension 'colcon_pkg'
[0.206s] Level 1:colcon.colcon_core.package_identification:_identify(tools) by extensions ['colcon_meta']
[0.206s] Level 1:colcon.colcon_core.package_identification:_identify(tools) by extension 'colcon_meta'
[0.206s] Level 1:colcon.colcon_core.package_identification:_identify(tools) by extensions ['ros']
[0.206s] Level 1:colcon.colcon_core.package_identification:_identify(tools) by extension 'ros'
[0.206s] Level 1:colcon.colcon_core.package_identification:_identify(tools) by extensions ['cmake', 'python']
[0.206s] Level 1:colcon.colcon_core.package_identification:_identify(tools) by extension 'cmake'
[0.206s] Level 1:colcon.colcon_core.package_identification:_identify(tools) by extension 'python'
[0.206s] Level 1:colcon.colcon_core.package_identification:_identify(tools) by extensions ['python_setup_py']
[0.206s] Level 1:colcon.colcon_core.package_identification:_identify(tools) by extension 'python_setup_py'
[0.206s] Level 1:colcon.colcon_core.package_discovery:discover_packages(recursive) using defaults
[0.206s] Level 1:colcon.colcon_core.package_discovery:discover_packages(ignore) discover
[0.206s] Level 1:colcon.colcon_core.package_discovery:discover_packages(ignore) using defaults
[0.206s] Level 1:colcon.colcon_core.package_discovery:discover_packages(path) discover
[0.206s] Level 1:colcon.colcon_core.package_discovery:discover_packages(path) using defaults
[0.232s] Level 1:colcon.colcon_core.package_discovery:discover_packages(prefix_path) check parameters
[0.232s] Level 1:colcon.colcon_core.package_discovery:discover_packages(prefix_path) discover
[0.233s] DEBUG:colcon.colcon_installed_package_information.package_discovery:Found 1 installed packages in /home/tam/Desktop/multi-drone-testbed/install
[0.233s] DEBUG:colcon.colcon_installed_package_information.package_discovery:Found 1 installed packages in /home/tam/Desktop/multi-drone-testbed/ros2_ws/install
[0.234s] DEBUG:colcon.colcon_installed_package_information.package_discovery:Found 204 installed packages in /opt/ros/humble
[0.234s] Level 1:colcon.colcon_core.package_discovery:discover_packages(prefix_path) using defaults
[0.252s] Level 5:colcon.colcon_core.verb:set package 'drone_testbed' build argument 'cmake_args' from command line to 'None'
[0.252s] Level 5:colcon.colcon_core.verb:set package 'drone_testbed' build argument 'cmake_target' from command line to 'None'
[0.252s] Level 5:colcon.colcon_core.verb:set package 'drone_testbed' build argument 'cmake_target_skip_unavailable' from command line to 'False'
[0.252s] Level 5:colcon.colcon_core.verb:set package 'drone_testbed' build argument 'cmake_clean_cache' from command line to 'False'
[0.252s] Level 5:colcon.colcon_core.verb:set package 'drone_testbed' build argument 'cmake_clean_first' from command line to 'False'
[0.252s] Level 5:colcon.colcon_core.verb:set package 'drone_testbed' build argument 'cmake_force_configure' from command line to 'False'
[0.252s] Level 5:colcon.colcon_core.verb:set package 'drone_testbed' build argument 'ament_cmake_args' from command line to 'None'
[0.252s] Level 5:colcon.colcon_core.verb:set package 'drone_testbed' build argument 'catkin_cmake_args' from command line to 'None'
[0.252s] Level 5:colcon.colcon_core.verb:set package 'drone_testbed' build argument 'catkin_skip_building_tests' from command line to 'False'
[0.252s] DEBUG:colcon.colcon_core.verb:Building package 'drone_testbed' with the following arguments: {'ament_cmake_args': None, 'build_base': '/home/tam/Desktop/multi-drone-testbed/build/drone_testbed', 'catkin_cmake_args': None, 'catkin_skip_building_tests': False, 'cmake_args': None, 'cmake_clean_cache': False, 'cmake_clean_first': False, 'cmake_force_configure': False, 'cmake_target': None, 'cmake_target_skip_unavailable': False, 'install_base': '/home/tam/Desktop/multi-drone-testbed/install/drone_testbed', 'merge_install': False, 'path': '/home/tam/Desktop/multi-drone-testbed/ros2_ws/src/drone_testbed', 'symlink_install': False, 'test_result_base': None}
[0.252s] INFO:colcon.colcon_core.executor:Executing jobs using 'parallel' executor
[0.253s] DEBUG:colcon.colcon_parallel_executor.executor.parallel:run_until_complete
[0.253s] INFO:colcon.colcon_ros.task.ament_python.build:Building ROS package in '/home/tam/Desktop/multi-drone-testbed/ros2_ws/src/drone_testbed' with build type 'ament_python'
[0.253s] Level 1:colcon.colcon_core.shell:create_environment_hook('drone_testbed', 'ament_prefix_path')
[0.254s] INFO:colcon.colcon_core.plugin_system:Skipping extension 'colcon_core.shell.bat': Not used on non-Windows systems
[0.255s] INFO:colcon.colcon_core.shell:Creating environment hook '/home/tam/Desktop/multi-drone-testbed/install/drone_testbed/share/drone_testbed/hook/ament_prefix_path.ps1'
[0.255s] INFO:colcon.colcon_core.shell:Creating environment descriptor '/home/tam/Desktop/multi-drone-testbed/install/drone_testbed/share/drone_testbed/hook/ament_prefix_path.dsv'
[0.255s] INFO:colcon.colcon_core.shell:Creating environment hook '/home/tam/Desktop/multi-drone-testbed/install/drone_testbed/share/drone_testbed/hook/ament_prefix_path.sh'
[0.256s] INFO:colcon.colcon_core.shell:Skip shell extension 'powershell' for command environment: Not usable outside of PowerShell
[0.256s] DEBUG:colcon.colcon_core.shell:Skip shell extension 'dsv' for command environment
[0.430s] INFO:colcon.colcon_core.task.python.build:Building Python package in '/home/tam/Desktop/multi-drone-testbed/ros2_ws/src/drone_testbed'
[0.430s] INFO:colcon.colcon_core.shell:Skip shell extension 'powershell' for command environment: Not usable outside of PowerShell
[0.430s] DEBUG:colcon.colcon_core.shell:Skip shell extension 'dsv' for command environment
[0.671s] DEBUG:colcon.colcon_core.task.python.build:Available setuptools commands: check, bdist, dist_info, symlink_data, install, register, rotate, install_scripts, build_clib, build, bdist_dumb, bdist_rpm, upload, egg_info, install_egg_info, alias, saveopts, bdist_wheel, easy_install, build_scripts, build_ext, install_data, install_headers, clean, sdist, build_py, develop, bdist_egg, upload_docs, test, install_lib, setopt
[0.673s] DEBUG:colcon.colcon_core.event_handler.log_command:Invoking command in '/home/tam/Desktop/multi-drone-testbed/build/drone_testbed': PYTHONPATH=/home/tam/Desktop/multi-drone-testbed/build/drone_testbed/prefix_override:/usr/lib/python3/dist-packages/colcon_core/task/python/colcon_distutils_commands:/home/tam/Desktop/multi-drone-testbed/install/drone_testbed/lib/python3.10/site-packages:${PYTHONPATH} /usr/bin/python3 -W ignore:setup.py install is deprecated -W ignore:easy_install command is deprecated setup.py develop --uninstall --editable --build-directory /home/tam/Desktop/multi-drone-testbed/build/drone_testbed/build
[0.973s] DEBUG:colcon.colcon_core.event_handler.log_command:Invoked command in '/home/tam/Desktop/multi-drone-testbed/build/drone_testbed' returned '0': PYTHONPATH=/home/tam/Desktop/multi-drone-testbed/build/drone_testbed/prefix_override:/usr/lib/python3/dist-packages/colcon_core/task/python/colcon_distutils_commands:/home/tam/Desktop/multi-drone-testbed/install/drone_testbed/lib/python3.10/site-packages:${PYTHONPATH} /usr/bin/python3 -W ignore:setup.py install is deprecated -W ignore:easy_install command is deprecated setup.py develop --uninstall --editable --build-directory /home/tam/Desktop/multi-drone-testbed/build/drone_testbed/build
[0.975s] DEBUG:colcon.colcon_core.event_handler.log_command:Invoking command in '/home/tam/Desktop/multi-drone-testbed/ros2_ws/src/drone_testbed': PYTHONPATH=/home/tam/Desktop/multi-drone-testbed/build/drone_testbed/prefix_override:/usr/lib/python3/dist-packages/colcon_core/task/python/colcon_distutils_commands:/home/tam/Desktop/multi-drone-testbed/install/drone_testbed/lib/python3.10/site-packages:${PYTHONPATH} /usr/bin/python3 -W ignore:setup.py install is deprecated -W ignore:easy_install command is deprecated setup.py egg_info --egg-base ../../../build/drone_testbed build --build-base /home/tam/Desktop/multi-drone-testbed/build/drone_testbed/build install --record /home/tam/Desktop/multi-drone-testbed/build/drone_testbed/install.log --install-scripts $base/lib/drone_testbed --single-version-externally-managed install_data --force
[1.209s] DEBUG:colcon.colcon_core.event_handler.log_command:Invoked command in '/home/tam/Desktop/multi-drone-testbed/ros2_ws/src/drone_testbed' returned '0': PYTHONPATH=/home/tam/Desktop/multi-drone-testbed/build/drone_testbed/prefix_override:/usr/lib/python3/dist-packages/colcon_core/task/python/colcon_distutils_commands:/home/tam/Desktop/multi-drone-testbed/install/drone_testbed/lib/python3.10/site-packages:${PYTHONPATH} /usr/bin/python3 -W ignore:setup.py install is deprecated -W ignore:easy_install command is deprecated setup.py egg_info --egg-base ../../../build/drone_testbed build --build-base /home/tam/Desktop/multi-drone-testbed/build/drone_testbed/build install --record /home/tam/Desktop/multi-drone-testbed/build/drone_testbed/install.log --install-scripts $base/lib/drone_testbed --single-version-externally-managed install_data --force
[1.210s] Level 1:colcon.colcon_core.environment:checking '/home/tam/Desktop/multi-drone-testbed/install/drone_testbed' for CMake module files
[1.211s] Level 1:colcon.colcon_core.environment:checking '/home/tam/Desktop/multi-drone-testbed/install/drone_testbed' for CMake config files
[1.212s] Level 1:colcon.colcon_core.environment:checking '/home/tam/Desktop/multi-drone-testbed/install/drone_testbed/lib'
[1.212s] Level 1:colcon.colcon_core.environment:checking '/home/tam/Desktop/multi-drone-testbed/install/drone_testbed/bin'
[1.212s] Level 1:colcon.colcon_core.environment:checking '/home/tam/Desktop/multi-drone-testbed/install/drone_testbed/lib/pkgconfig/drone_testbed.pc'
[1.212s] Level 1:colcon.colcon_core.environment:checking '/home/tam/Desktop/multi-drone-testbed/install/drone_testbed/lib/python3.10/site-packages'
[1.212s] Level 1:colcon.colcon_core.shell:create_environment_hook('drone_testbed', 'pythonpath')
[1.213s] INFO:colcon.colcon_core.shell:Creating environment hook '/home/tam/Desktop/multi-drone-testbed/install/drone_testbed/share/drone_testbed/hook/pythonpath.ps1'
[1.213s] INFO:colcon.colcon_core.shell:Creating environment descriptor '/home/tam/Desktop/multi-drone-testbed/install/drone_testbed/share/drone_testbed/hook/pythonpath.dsv'
[1.214s] INFO:colcon.colcon_core.shell:Creating environment hook '/home/tam/Desktop/multi-drone-testbed/install/drone_testbed/share/drone_testbed/hook/pythonpath.sh'
[1.214s] Level 1:colcon.colcon_core.environment:checking '/home/tam/Desktop/multi-drone-testbed/install/drone_testbed/bin'
[1.215s] Level 1:colcon.colcon_core.environment:create_environment_scripts_only(drone_testbed)
[1.215s] INFO:colcon.colcon_core.shell:Creating package script '/home/tam/Desktop/multi-drone-testbed/install/drone_testbed/share/drone_testbed/package.ps1'
[1.216s] INFO:colcon.colcon_core.shell:Creating package descriptor '/home/tam/Desktop/multi-drone-testbed/install/drone_testbed/share/drone_testbed/package.dsv'
[1.217s] INFO:colcon.colcon_core.shell:Creating package script '/home/tam/Desktop/multi-drone-testbed/install/drone_testbed/share/drone_testbed/package.sh'
[1.218s] INFO:colcon.colcon_core.shell:Creating package script '/home/tam/Desktop/multi-drone-testbed/install/drone_testbed/share/drone_testbed/package.bash'
[1.219s] INFO:colcon.colcon_core.shell:Creating package script '/home/tam/Desktop/multi-drone-testbed/install/drone_testbed/share/drone_testbed/package.zsh'
[1.219s] Level 1:colcon.colcon_core.environment:create_file_with_runtime_dependencies(/home/tam/Desktop/multi-drone-testbed/install/drone_testbed/share/colcon-core/packages/drone_testbed)
[1.220s] DEBUG:colcon.colcon_parallel_executor.executor.parallel:closing loop
[1.220s] DEBUG:colcon.colcon_parallel_executor.executor.parallel:loop closed
[1.220s] DEBUG:colcon.colcon_parallel_executor.executor.parallel:run_until_complete finished with '0'
[1.220s] DEBUG:colcon.colcon_core.event_reactor:joining thread
[1.224s] INFO:colcon.colcon_core.plugin_system:Skipping extension 'colcon_notification.desktop_notification.terminal_notifier': Not used on non-Darwin systems
[1.224s] INFO:colcon.colcon_core.plugin_system:Skipping extension 'colcon_notification.desktop_notification.win32': Not used on non-Windows systems
[1.224s] INFO:colcon.colcon_notification.desktop_notification:Sending desktop notification using 'notify2'
[1.232s] DEBUG:colcon.colcon_core.event_reactor:joined thread
[1.233s] INFO:colcon.colcon_core.shell:Creating prefix script '/home/tam/Desktop/multi-drone-testbed/install/local_setup.ps1'
[1.234s] INFO:colcon.colcon_core.shell:Creating prefix util module '/home/tam/Desktop/multi-drone-testbed/install/_local_setup_util_ps1.py'
[1.235s] INFO:colcon.colcon_core.shell:Creating prefix chain script '/home/tam/Desktop/multi-drone-testbed/install/setup.ps1'
[1.236s] INFO:colcon.colcon_core.shell:Creating prefix script '/home/tam/Desktop/multi-drone-testbed/install/local_setup.sh'
[1.236s] INFO:colcon.colcon_core.shell:Creating prefix util module '/home/tam/Desktop/multi-drone-testbed/install/_local_setup_util_sh.py'
[1.237s] INFO:colcon.colcon_core.shell:Creating prefix chain script '/home/tam/Desktop/multi-drone-testbed/install/setup.sh'
[1.238s] INFO:colcon.colcon_core.shell:Creating prefix script '/home/tam/Desktop/multi-drone-testbed/install/local_setup.bash'
[1.238s] INFO:colcon.colcon_core.shell:Creating prefix chain script '/home/tam/Desktop/multi-drone-testbed/install/setup.bash'
[1.239s] INFO:colcon.colcon_core.shell:Creating prefix script '/home/tam/Desktop/multi-drone-testbed/install/local_setup.zsh'
[1.239s] INFO:colcon.colcon_core.shell:Creating prefix chain script '/home/tam/Desktop/multi-drone-testbed/install/setup.zsh'
